-------------------------------------------------------------------------------
      name:  <unnamed>
       log:  F:\user\Jagriti\Desktop\NFHS DATA\quess1.Text
  log type:  smcl
 opened on:  19 Jun 2024, 06:56:38

. use "F:\user\Jagriti\Desktop\NFHS DATA\Woman_NFHS3.dta", clear

. use "F:\user\Jagriti\Desktop\NFHS DATA\Woman_NFHS3.dta", clear

. logit v714 v012 v133 v025 v190 v715 s46,robust

Iteration 0:   log pseudolikelihood = -58796.641  
Iteration 1:   log pseudolikelihood = -55269.023  
Iteration 2:   log pseudolikelihood = -55243.992  
Iteration 3:   log pseudolikelihood = -55243.984  
Iteration 4:   log pseudolikelihood = -55243.984  

Logistic regression                             Number of obs     =     89,868
                                                Wald chi2(6)      =    6558.93
                                                Prob > chi2       =     0.0000
Log pseudolikelihood = -55243.984               Pseudo R2         =     0.0604

------------------------------------------------------------------------------
             |               Robust
        v714 |      Coef.   Std. Err.      z    P>|z|     [95% Conf. Interval]
-------------+----------------------------------------------------------------
        v012 |   .0434311   .0008762    49.57   0.000     .0417139    .0451484
        v133 |   .0037831   .0019424     1.95   0.051    -.0000238    .0075901
        v025 |   .2509579   .0172264    14.57   0.000     .2171947     .284721
        v190 |  -.2839308   .0074413   -38.16   0.000    -.2985154   -.2693461
        v715 |  -.0020719   .0008261    -2.51   0.012    -.0036909   -.0004528
         s46 |  -.1617472   .0069107   -23.41   0.000    -.1752919   -.1482025
       _cons |  -.9819364   .0500356   -19.62   0.000    -1.080004   -.8838684
------------------------------------------------------------------------------

. tab s46

   caste or tribe |      Freq.     Percent        Cum.
------------------+-----------------------------------
               SC |     20,597       17.35       17.35
               ST |     16,550       13.94       31.29
              OBC |     39,629       33.38       64.67
none of the above |     41,944       35.33      100.00
------------------+-----------------------------------
            Total |    118,720      100.00

. tab v190

     wealth |
      index |      Freq.     Percent        Cum.
------------+-----------------------------------
    poorest |     14,033       11.33       11.33
     poorer |     17,540       14.16       25.49
     middle |     23,545       19.01       44.49
     richer |     29,996       24.21       68.71
    richest |     38,764       31.29      100.00
------------+-----------------------------------
      Total |    123,878      100.00

. tab v025

 type place |
         of |
  residence |      Freq.     Percent        Cum.
------------+-----------------------------------
      urban |     56,785       45.84       45.84
      rural |     67,093       54.16      100.00
------------+-----------------------------------
      Total |    123,878      100.00

. gen urb= v025==1

. browse

. gen d_wea1= v190==2

. gen d_wea2= v190==3

. gen d_wea3= v190 v==4
invalid 'v' 
r(198);

. gen d_wea3= v190 ==4

. gen d_wea3= v190==5
variable d_wea3 already defined
r(110);

. gen d_wea4= v190==5

. gen d_cast2= s46==6

.  gen d_cast3= s46==7

.  gen d_cast4= s46==8

. drop d_cast4 

. drop d_cast3 

. drop d_cast2 

. gen d_caste= s46==6

. gen d_caste1= s46==7

. gen d_caste2= s46==8

. logit  v714 v012 v133 v025 v190 v715 s46,beta
option beta not allowed
r(198);

. regress v714 v012 v133 v025 v190 v715 s46, beta

      Source |       SS           df       MS      Number of obs   =    89,868
-------------+----------------------------------   F(6, 89861)     =   1256.22
       Model |  1605.17027         6  267.528379   Prob > F        =    0.0000
    Residual |  19137.0501    89,861  .212962799   R-squared       =    0.0774
-------------+----------------------------------   Adj R-squared   =    0.0773
       Total |  20742.2203    89,867  .230810201   Root MSE        =    .46148

------------------------------------------------------------------------------
        v714 |      Coef.   Std. Err.      t    P>|t|                     Beta
-------------+----------------------------------------------------------------
        v012 |   .0094721   .0001865    50.79   0.000                 .1681252
        v133 |   .0010284   .0003913     2.63   0.009                  .011049
        v025 |   .0525961    .003674    14.32   0.000                 .0543193
        v190 |  -.0637999   .0016042   -39.77   0.000                -.1836016
        v715 |  -.0004715   .0001695    -2.78   0.005                -.0094774
         s46 |  -.0352137   .0015008   -23.46   0.000                -.0792323
       _cons |   .2899886   .0109399    26.51   0.000                        .
------------------------------------------------------------------------------

. logit v714 v012 v133 v715 urb d_wea1 d_wea2 d_wea4 d_caste d_caste1 d_caste2,
> robust

note: d_caste omitted because of collinearity
note: d_caste1 omitted because of collinearity
note: d_caste2 omitted because of collinearity
Iteration 0:   log pseudolikelihood =  -61112.84  
Iteration 1:   log pseudolikelihood = -58061.883  
Iteration 2:   log pseudolikelihood = -58033.433  
Iteration 3:   log pseudolikelihood = -58033.416  
Iteration 4:   log pseudolikelihood = -58033.416  

Logistic regression                             Number of obs     =     93,437
                                                Wald chi2(7)      =    5585.72
                                                Prob > chi2       =     0.0000
Log pseudolikelihood = -58033.416               Pseudo R2         =     0.0504

------------------------------------------------------------------------------
             |               Robust
        v714 |      Coef.   Std. Err.      z    P>|z|     [95% Conf. Interval]
-------------+----------------------------------------------------------------
        v012 |   .0399978   .0008444    47.37   0.000     .0383428    .0416529
        v133 |  -.0114208   .0018186    -6.28   0.000    -.0149853   -.0078563
        v715 |  -.0029456   .0008225    -3.58   0.000    -.0045578   -.0013334
         urb |  -.3447797   .0159232   -21.65   0.000    -.3759886   -.3135709
      d_wea1 |   .3062294   .0209253    14.63   0.000     .2652166    .3472422
      d_wea2 |   .1592552   .0191104     8.33   0.000     .1217995    .1967109
      d_wea4 |  -.5972675   .0213117   -28.03   0.000    -.6390376   -.5554974
     d_caste |          0  (omitted)
    d_caste1 |          0  (omitted)
    d_caste2 |          0  (omitted)
       _cons |  -1.574546    .031916   -49.33   0.000      -1.6371   -1.511991
------------------------------------------------------------------------------

. regress  v714 v012 v133 v715 urb d_wea1 d_wea2 d_wea4 d_caste d_caste1 d_cast
> e2,beta
note: d_caste omitted because of collinearity
note: d_caste1 omitted because of collinearity
note: d_caste2 omitted because of collinearity

      Source |       SS           df       MS      Number of obs   =    93,437
-------------+----------------------------------   F(7, 93429)     =    908.79
       Model |  1374.21513         7  196.316447   Prob > F        =    0.0000
    Residual |   20182.585    93,429  .216020561   R-squared       =    0.0637
-------------+----------------------------------   Adj R-squared   =    0.0637
       Total |  21556.8002    93,436  .230711933   Root MSE        =    .46478

------------------------------------------------------------------------------
        v714 |      Coef.   Std. Err.      t    P>|t|                     Beta
-------------+----------------------------------------------------------------
        v012 |   .0088344   .0001838    48.08   0.000                  .156798
        v133 |  -.0024411   .0003773    -6.47   0.000                -.0262262
        v715 |  -.0006673   .0001655    -4.03   0.000                -.0135232
         urb |  -.0756338   .0034924   -21.66   0.000                -.0780898
      d_wea1 |   .0733737   .0047255    15.53   0.000                 .0551613
      d_wea2 |   .0375129   .0042967     8.73   0.000                 .0308083
      d_wea4 |  -.1208039   .0045837   -26.36   0.000                -.1140843
     d_caste |          0  (omitted)                                         .
    d_caste1 |          0  (omitted)                                         .
    d_caste2 |          0  (omitted)                                         .
       _cons |   .1438534   .0068399    21.03   0.000                        .
------------------------------------------------------------------------------

. margins dy/dx (*) atmeans
variable dy not found
r(111);

. margins, dydx(*) atmeans

Conditional marginal effects                    Number of obs     =     93,437
Model VCE    : OLS

Expression   : Linear prediction, predict()
dy/dx w.r.t. : v012 v133 v715 urb d_wea1 d_wea2 d_wea4 d_caste d_caste1
               d_caste2
at           : v012            =    32.23185 (mean)
               v133            =      5.2022 (mean)
               v715            =    8.015048 (mean)
               urb             =    .4362512 (mean)
               d_wea1          =    .1541573 (mean)
               d_wea2          =    .1927716 (mean)
               d_wea4          =    .2896604 (mean)
               d_caste         =           0 (mean)
               d_caste1        =           0 (mean) 
               d_caste2        =           0 (mean)

------------------------------------------------------------------------------
             |            Delta-method
             |      dy/dx   Std. Err.      t    P>|t|     [95% Conf. Interval]
-------------+----------------------------------------------------------------
        v012 |   .0088344   .0001838    48.08   0.000     .0084742    .0091946
        v133 |  -.0024411   .0003773    -6.47   0.000    -.0031805   -.0017017
        v715 |  -.0006673   .0001655    -4.03   0.000    -.0009918   -.0003429
         urb |  -.0756338   .0034924   -21.66   0.000    -.0824788   -.0687887
      d_wea1 |   .0733737   .0047255    15.53   0.000     .0641118    .0826355
      d_wea2 |   .0375129   .0042967     8.73   0.000     .0290913    .0459344
      d_wea4 |  -.1208039   .0045837   -26.36   0.000    -.1297879     -.11182
     d_caste |          0  (omitted)
    d_caste1 |          0  (omitted)
    d_caste2 |          0  (omitted)
------------------------------------------------------------------------------

. log close
      name:  <unnamed>
       log:  F:\user\Jagriti\Desktop\NFHS DATA\quess1.Text
  log type:  smcl
 closed on:  19 Jun 2024, 07:40:48
-------------------------------------------------------------------------------
